Sat Nov 23 2019 11:31:54 GMT+0200 (Eastern European Standard Time):  WARN:  ark-server-4:  This is a test 
Sat Nov 23 2019 11:31:57 GMT+0200 (Eastern European Standard Time):  WARN:  ark-server-4:  This is a test 
Sat Nov 23 2019 11:31:59 GMT+0200 (Eastern European Standard Time):  WARN:  ark-server-4:  This is a test 
Sat Nov 23 2019 11:32:02 GMT+0200 (Eastern European Standard Time):  WARN:  ark-server-4:  This is a test 
Sat Nov 23 2019 11:32:03 GMT+0200 (Eastern European Standard Time):  WARN:  ark-server-4:  This is a test 
Sat Nov 23 2019 11:32:05 GMT+0200 (Eastern European Standard Time):  WARN:  ark-server-4:  This is a test 
Sat Nov 23 2019 11:32:42 GMT+0200 (Eastern European Standard Time):  WARN:  ark-server-4:  This is a test 
Sat Nov 23 2019 11:32:55 GMT+0200 (Eastern European Standard Time):  WARN:  ark-server-4:  This is a test 
